
> bintech@1.0.0 test
> jest public/js/password-recovery-frontend.test.js

  console.log
    [Password Recovery] Initializing components

      at log (public/js/password-recovery-frontend.js:600:11)

  console.log
    [Password Recovery] Components initialized

      at log (public/js/password-recovery-frontend.js:634:11)

node.exe : FAIL public/js/password-recovery-frontend.test.js
At line:1 char:1
+ & "C:\Program Files\nodejs/node.exe" "C:\Program Files\nodejs/node_mo ...
+ ~~~~~~~~~~~~~~~~~~~~~~~~~~~~~~~~~~~~~~~~~~~~~~~~~~~~~~~~~~~~~~~~~~~~~
    + CategoryInfo          : NotSpecified: (FAIL public/js/...rontend.test.js:String) [], Rem 
   oteException
    + FullyQualifiedErrorId : NativeCommandError
 
  Password Recovery Frontend
    Email Validation
      ΓêÜ should validate correct email format (3 ms)
      ΓêÜ should reject invalid email formats (1 ms)
      ΓêÜ should reject emails with spaces
    OTP Validation
      ΓêÜ should validate correct 6-digit OTP
      ΓêÜ should validate OTP with spaces (1 ms)
      ΓêÜ should reject OTP with less than 6 digits
      ΓêÜ should reject OTP with more than 6 digits (1 ms)
      ΓêÜ should reject OTP with non-numeric characters
      ΓêÜ should reject empty OTP
    Password Strength Validation
      ΓêÜ should reject password shorter than 8 characters (1 ms)
      ΓêÜ should reject password without uppercase letter (4 ms)
      ΓêÜ should reject password without number (1 ms)
      ΓêÜ should reject password without special character
      ΓêÜ should accept valid strong password
      ΓêÜ should accept various valid passwords
    Password Strength Indicator
      ΓêÜ should calculate weak password strength
      ΓêÜ should calculate fair password strength
      ├ù should calculate good password strength (3 ms)
      ΓêÜ should calculate strong password strength
      ΓêÜ should calculate very strong password strength
      ΓêÜ should return appropriate color for strength level
    Password Recovery State
      ΓêÜ should initialize with correct default state (1 ms)
      ΓêÜ should update state when moving to OTP verification
      ΓêÜ should update state when moving to password reset
      ΓêÜ should track loading state
      ΓêÜ should track error messages
      ΓêÜ should track success messages (1 ms)
    OTP Input Formatting
      ΓêÜ should format OTP with spaces
      ΓêÜ should remove non-numeric characters
      ΓêÜ should limit to 6 digits
      ΓêÜ should handle partial input (1 ms)
    OTP Attempt Counter
      ΓêÜ should update attempt counter display (5 ms)
      ΓêÜ should add warning class when attempts are low (1 ms)
      ΓêÜ should remove warning class when attempts are sufficient (1 ms)
    Error Message Display
      ΓêÜ should show error message (3 ms)
      ΓêÜ should clear error message (1 ms)
      ΓêÜ should update state when showing error (1 ms)
    Success Message Display
      ΓêÜ should show success message (1 ms)
      ΓêÜ should clear success message (1 ms)
      ΓêÜ should update state when showing success (1 ms)
    Loading State
      ΓêÜ should set loading state to true (2 ms)
      ΓêÜ should set loading state to false (1 ms)
      ΓêÜ should disable button when loading (1 ms)
      ΓêÜ should enable button when not loading (2 ms)

  ΓùÅ Password Recovery Frontend ΓÇ║ Password Strength Indicator ΓÇ║ should calculate good 
password strength

    expect(received).toBe(expected) // Object.is equality

    Expected: "Strong"
    Received: "Good"

    [0m [90m 164 |[39m       
expect(strength[33m.[39mscore)[33m.[39mtoBeGreaterThanOrEqual([35m3[39m)[33m;[39m
     [90m 165 |[39m       
expect(strength[33m.[39mscore)[33m.[39mtoBeLessThanOrEqual([35m4[39m)[33m;[39m
    [31m[1m>[22m[39m[90m 166 |[39m       
expect(strength[33m.[39mlabel)[33m.[39mtoBe([32m'Strong'[39m)[33m;[39m
     [90m     |[39m                              [31m[1m^[22m[39m
     [90m 167 |[39m     })[33m;[39m
     [90m 168 |[39m     
     [90m 169 |[39m     test([32m'should calculate strong password 
strength'[39m[33m,[39m () [33m=>[39m {[0m

      at Object.toBe (public/js/password-recovery-frontend.test.js:166:30)

Test Suites: 1 failed, 1 total
Tests:       1 failed, 43 passed, 44 total
Snapshots:   0 total
Time:        1.061 s
Ran all test suites matching public/js/password-recovery-frontend.test.js.
